// 重构日志: f6eedbb8
// 同步 ID: fc0e1cbf @ Sat Jul 25 04:03:37 UTC 2026
// 重构日志: ef1eed6e
// 重构日志: b77b29e7
// 同步 ID: c3f128aa @ Sat Jul 25 11:18:50 UTC 2026
// 同步 ID: 025d5f7b @ Sat Jul 25 15:33:36 UTC 2026
// 重构日志: 8a221886
// 重构日志: 846b98cd
// 重构日志: f39a7553
// 重构日志: 903c1e70
// 重构日志: 295bc693
// 同步 ID: 02fa01e4 @ Tue Jul 28 12:27:18 UTC 2026
// 重构日志: 388720b4
// 重构日志: 27800516
// 重构日志: e7554739
// 重构日志: 6a90d117
// 重构日志: c8e2b8c5
// 同步 ID: 1674b7dc @ Fri Jul 31 08:36:42 UTC 2026
// 重构日志: faf9c8cc
// 重构日志: a8500441
// 同步 ID: 894612d7 @ Fri Jul 31 15:48:42 UTC 2026
// 重构日志: 3ea994f3
// 同步 ID: 82a94814 @ Sun Aug  2 01:39:08 UTC 2026
// 重构日志: afe41317
// 重构日志: e84616a6
// 同步 ID: 1e3c9316 @ Sun Aug  2 12:00:29 UTC 2026
// 重构日志: 5aadbe74
// 重构日志: 50afa85f
// 重构日志: 5f45dfd7
// 同步 ID: c05ab444 @ Mon Aug  3 17:06:48 UTC 2026
